# https://dev.azure.com/nhsapp/NHS%20App/_build/results?buildId=7898&view=logs&j=46d68182-90a1-5651-c618-877729e79262&t=582e5edd-b209-5e2d-ee48-99597d748e20&l=18

2020-04-22T01:28:27.2964593Z ===]> Info: Print information about agent...
2020-04-22T01:28:27.2965182Z ===]> Info: uname -a
2020-04-22T01:28:27.2965500Z
2020-04-22T01:28:27.2965932Z
2020-04-22T01:28:27.2967098Z Linux fv-az50 5.0.0-1035-azure #37-Ubuntu SMP Wed Mar 18 11:21:35 UTC 2020 x86_64 x86_64 x86_64 GNU/Linux
2020-04-22T01:28:27.2967714Z
2020-04-22T01:28:27.2968372Z
2020-04-22T01:28:27.2968709Z ===]> Info: CPU threads: 2
2020-04-22T01:28:27.2969543Z ===]> Info: CPU model name	: Intel(R) Xeon(R) CPU E5-2673 v4 @ 2.30GHz
2020-04-22T01:28:27.2970194Z ===]> Info: CPU freq:
2020-04-22T01:28:27.2970778Z cpu MHz		: 2294.681
2020-04-22T01:28:27.2971320Z cpu MHz		: 2294.681
2020-04-22T01:28:27.2972274Z
2020-04-22T01:28:27.2972573Z
2020-04-22T01:28:27.5390862Z ===]> Info: Egress Public IP: 20.50.115.118
2020-04-22T01:28:27.5391913Z ===]> Info: df -h
2020-04-22T01:28:27.5393157Z
2020-04-22T01:28:27.5393315Z
2020-04-22T01:28:27.5421016Z Filesystem      Size  Used Avail Use% Mounted on
2020-04-22T01:28:27.5421569Z udev            3.4G     0  3.4G   0% /dev
2020-04-22T01:28:27.5421851Z tmpfs           695M  956K  694M   1% /run
2020-04-22T01:28:27.5422126Z /dev/sda1        84G   72G   12G  86% /
2020-04-22T01:28:27.5422377Z tmpfs           3.4G  8.0K  3.4G   1% /dev/shm
2020-04-22T01:28:27.5422675Z tmpfs           5.0M     0  5.0M   0% /run/lock
2020-04-22T01:28:27.5423345Z tmpfs           3.4G     0  3.4G   0% /sys/fs/cgroup
2020-04-22T01:28:27.5423648Z /dev/loop0       94M   94M     0 100% /snap/core/8935
2020-04-22T01:28:27.5424070Z /dev/loop1       40M   40M     0 100% /snap/hub/43
2020-04-22T01:28:27.5424394Z /dev/sda15      105M  3.6M  101M   4% /boot/efi
2020-04-22T01:28:27.5424671Z /dev/sdb1        14G   41M   13G   1% /mnt
2020-04-22T01:28:27.5424866Z
2020-04-22T01:28:27.5424977Z
2020-04-22T01:28:27.5425576Z ===]> Info: free -m
2020-04-22T01:28:27.5443162Z               total        used        free      shared  buff/cache   available
2020-04-22T01:28:27.5443624Z Mem:           6945         637        5113          26        1194        5983
2020-04-22T01:28:27.5443987Z Swap:          8191           0        8191
2020-04-22T01:28:27.5446257Z
2020-04-22T01:28:27.5446391Z
2020-04-22T01:28:27.5446577Z ===]> Info: w
2020-04-22T01:28:27.5522346Z  01:28:27 up 21 min,  0 users,  load average: 0.08, 0.03, 0.05
2020-04-22T01:28:27.5523395Z USER     TTY      FROM             LOGIN@   IDLE   JCPU   PCPU WHAT
2020-04-22T01:28:27.5532119Z
2020-04-22T01:28:27.5532342Z
2020-04-22T01:28:27.5532583Z ===]> Info: Top 5 processes sorted by CPU usage...
2020-04-22T01:28:27.5610907Z USER       UID    PID %CPU %MEM COMMAND                     CMD
2020-04-22T01:28:27.5612084Z vsts      1001   4489 35.3  1.6 /home/vsts/agents/2.166.3/b /home/vsts/agents/2.166.3/bin/Agent.Worker spawnclient 114 117
2020-04-22T01:28:27.5613307Z vsts      1001   4457 22.8  1.6 /home/vsts/agents/2.166.3/b /home/vsts/agents/2.166.3/bin/Agent.Listener run
2020-04-22T01:28:27.5615775Z vsts      1001   4574 17.0  0.4 /home/vsts/agents/2.166.3/e /home/vsts/agents/2.166.3/externals/node/bin/node /home/vsts/work/_tasks/Bash_6c731c3c-3c68-459a-a5c9-bde6e6595b5b/3.163.1/bash.js
2020-04-22T01:28:27.5616739Z vsts      1001   4581  1.0  0.0 bash scripts/helpers/agent- bash scripts/helpers/agent-info.sh
2020-04-22T01:28:27.5617625Z root         0   1497  0.6  0.3 python3 -u bin/WALinuxAgent python3 -u bin/WALinuxAgent-2.2.46-py2.7.egg -run-exthandlers
2020-04-22T01:28:27.5624202Z
2020-04-22T01:28:27.5624757Z
2020-04-22T01:28:27.5625595Z ===]> Info: Top 5 processes sorted by MEM usage...
2020-04-22T01:28:27.5717307Z USER       UID    PID %CPU %MEM COMMAND                     CMD
2020-04-22T01:28:27.5718218Z vsts      1001   4489 35.3  1.6 /home/vsts/agents/2.166.3/b /home/vsts/agents/2.166.3/bin/Agent.Worker spawnclient 114 117
2020-04-22T01:28:27.5719026Z vsts      1001   4457 22.8  1.6 /home/vsts/agents/2.166.3/b /home/vsts/agents/2.166.3/bin/Agent.Listener run
2020-04-22T01:28:27.5720102Z root         0   1269  0.2  1.2 /opt/vsts/provisioner/provi /opt/vsts/provisioner/provisioner
2020-04-22T01:28:27.5721206Z root         0   1238  0.0  0.8 php-fpm: master process (/e php-fpm: master process (/etc/php/7.1/fpm/php-fpm.conf)
2020-04-22T01:28:27.5722315Z root         0   1248  0.1  0.8 /usr/bin/dockerd -H fd://   /usr/bin/dockerd -H fd://
2020-04-22T01:28:27.5723424Z
2020-04-22T01:28:27.5723743Z
2020-04-22T01:28:27.5752083Z
